\BOOKMARK [1][-]{section.1}{\376\377\137\025\212\000}{}% 1
\BOOKMARK [2][-]{subsection.1.1}{\376\377\174\373\122\027\135\345\117\134\116\012\116\013\145\207\116\016\122\330\213\357\213\364\146\016}{section.1}% 2
\BOOKMARK [2][-]{subsection.1.2}{\376\377\150\070\137\303\116\073\133\232\164\006\211\304\203\003\123\026\226\110\217\360}{section.1}% 3
\BOOKMARK [2][-]{subsection.1.3}{\376\377\145\207\172\340\176\323\147\204}{section.1}% 4
\BOOKMARK [1][-]{section.2}{\376\377\116\343\145\160\145\160\213\272\230\204\131\007\377\032\000K\000\040\000=\000\040\000Q\000\050\0005\000\051}{}% 5
\BOOKMARK [2][-]{subsection.2.1}{\376\377\145\164\145\160\163\257\116\016\203\003\145\160\146\040\134\004}{section.2}% 6
\BOOKMARK [2][-]{subsection.2.2}{\376\377\174\173\145\160\176\317\121\170\176\323\213\272}{section.2}% 7
\BOOKMARK [2][-]{subsection.2.3}{\376\377\147\011\164\006\175\040\127\050\000\040\000O\000K\000\040\116\055\166\204\116\011\122\006\153\147\122\006\211\343}{section.2}% 8
\BOOKMARK [2][-]{subsection.2.4}{\376\377\147\054\123\237\116\343\145\160\121\103\133\232\116\111}{section.2}% 9
\BOOKMARK [1][-]{section.3}{\376\377\000P\000S\000L\0002\000\050\000O\000K\000\051\000\040\121\161\217\155\174\173\116\016\000\040\000O\000K\000\040\116\343\145\160\121\103\133\371\136\224}{}% 10
\BOOKMARK [2][-]{subsection.3.1}{\376\377\000S\000L\0002\000\040\121\161\217\155\122\006\174\173\127\372\170\100}{section.3}% 11
\BOOKMARK [2][-]{subsection.3.2}{\376\377\116\000\116\000\133\371\136\224\137\025\164\006}{section.3}% 12
\BOOKMARK [2][-]{subsection.3.3}{\376\377\147\054\123\237\121\103\116\016\147\054\123\237\217\150\220\123\173\111\116\367}{section.3}% 13
\BOOKMARK [1][-]{section.4}{\376\377\000H\0003\000\040\217\164\155\113\127\060\176\277\225\177\136\246\211\343\147\220\140\122\173\111\137\017}{}% 14
\BOOKMARK [2][-]{subsection.4.1}{\376\377\123\314\146\362\000\040\0003\000\040\116\012\123\112\172\172\225\364\152\041\127\213}{section.4}% 15
\BOOKMARK [2][-]{subsection.4.2}{\376\377\123\314\146\362\140\122\173\111\137\017\116\045\150\074\123\026\173\200}{section.4}% 16
\BOOKMARK [1][-]{section.5}{\376\377\116\073\133\232\164\006\133\214\145\164\213\301\146\016}{}% 17
\BOOKMARK [2][-]{subsection.5.1}{\376\377\173\054\116\000\153\145\377\032\213\301\146\016\000\040\000\040\116\072\123\125\134\004}{section.5}% 18
\BOOKMARK [2][-]{subsection.5.2}{\376\377\173\054\116\214\153\145\377\032\213\301\146\016\000\040\000\040\116\072\156\341\134\004}{section.5}% 19
\BOOKMARK [2][-]{subsection.5.3}{\376\377\173\054\116\011\153\145\377\032\117\335\136\217\213\301\146\016}{section.5}% 20
\BOOKMARK [2][-]{subsection.5.4}{\376\377\140\122\173\111\137\017\147\141\116\366\000\040\000\050\0003\000\051}{section.5}% 21
\BOOKMARK [1][-]{section.6}{\376\377\145\066\145\133\123\112\136\163\227\142\000\040\000S\000e\000l\000b\000e\000r\000g\000\040\000z\000e\000t\000a\000\040\116\016\000\040\000D\000e\000d\000e\000k\000i\000n\000d\000\040\000z\000e\000t\000a\000\040\173\111\116\367\143\250\213\272}{}% 22
\BOOKMARK [2][-]{subsection.6.1}{\376\377\000S\000e\000l\000b\000e\000r\000g\000\040\000z\000e\000t\000a\000\040\133\232\116\111}{section.6}% 23
\BOOKMARK [2][-]{subsection.6.2}{\376\377\123\072\122\006\000\040\000Z\000M\000\050\000s\000\051\000\040\000=\000\040\000K\000\050\000s\000\051\000\040\116\016\150\007\121\306\236\316\146\374\000\040\000\050\000s\000\051}{section.6}% 24
\BOOKMARK [2][-]{subsection.6.3}{\376\377\143\250\213\272\133\232\117\115}{section.6}% 25
\BOOKMARK [1][-]{section.7}{\376\377\147\054\173\307\176\323\213\272\116\016\174\373\122\027\225\177\147\037\170\024\172\166\215\357\176\277}{}% 26
\BOOKMARK [2][-]{subsection.7.1}{\376\377\147\054\145\207\150\070\137\303\176\323\213\272}{section.7}% 27
\BOOKMARK [2][-]{subsection.7.2}{\376\377\174\373\122\027\122\006\153\145\143\250\217\333\211\304\122\022\377\010\220\020\134\102\220\074\217\321\136\177\116\111\236\316\146\374\163\034\140\363\000\040\000G\000R\000H\377\011}{section.7}% 28
\BOOKMARK [1][-]{appendix.A}{\376\377\123\314\146\362\140\122\173\111\137\017\133\214\145\164\157\024\173\227}{}% 29
\BOOKMARK [1][-]{appendix.B}{\376\377\000P\000S\000L\0002\000\050\000O\000K\000\051\000\040\121\161\217\155\174\173\210\145\121\105\213\272\213\301}{}% 30
